#-----------------------------------------------------------
# Webtalk v2018.3 (64-bit)
# SW Build 2405991 on Thu Dec  6 23:38:27 MST 2018
# IP Build 2404404 on Fri Dec  7 01:43:56 MST 2018
# Start of session at: Tue Feb  8 17:43:37 2022
# Process ID: 51856
# Current directory: D:/Programs/urllc-demo-pynq/urllc-vivado-2018/urllc-vivado-2018.sim/sim_axis_write_to_fifo/behav/xsim
# Command line: wbtcv.exe -mode batch -source D:/Programs/urllc-demo-pynq/urllc-vivado-2018/urllc-vivado-2018.sim/sim_axis_write_to_fifo/behav/xsim/xsim.dir/tb_fifo_read_to_axis_behav/webtalk/xsim_webtalk.tcl -notrace
# Log file: D:/Programs/urllc-demo-pynq/urllc-vivado-2018/urllc-vivado-2018.sim/sim_axis_write_to_fifo/behav/xsim/webtalk.log
# Journal file: D:/Programs/urllc-demo-pynq/urllc-vivado-2018/urllc-vivado-2018.sim/sim_axis_write_to_fifo/behav/xsim\webtalk.jou
#-----------------------------------------------------------
source D:/Programs/urllc-demo-pynq/urllc-vivado-2018/urllc-vivado-2018.sim/sim_axis_write_to_fifo/behav/xsim/xsim.dir/tb_fifo_read_to_axis_behav/webtalk/xsim_webtalk.tcl -notrace
