Copyright 1986-2021 Xilinx, Inc. All Rights Reserved.
---------------------------------------------------------------------------------------------------
| Tool Version : Vivado v.2021.1 (win64) Build 3247384 Thu Jun 10 19:36:33 MDT 2021
| Date         : Sat Jan 15 02:51:10 2022
| Host         : WIN-544SHHHOI8Q running 64-bit major release  (build 9200)
| Command      : report_clock_utilization -file design_sender_wrapper_clock_utilization_routed.rpt
| Design       : design_sender_wrapper
| Device       : 7z020-clg400
| Speed File   : -2  PRODUCTION 1.12 2019-11-22
| Design State : Routed
---------------------------------------------------------------------------------------------------

Clock Utilization Report

Table of Contents
-----------------
1. Clock Primitive Utilization
2. Global Clock Resources
3. Global Clock Source Details
4. Local Clock Details
5. Clock Regions: Key Resource Utilization
6. Clock Regions : Global Clock Summary
7. Device Cell Placement Summary for Global Clock g0
8. Device Cell Placement Summary for Global Clock g1
9. Device Cell Placement Summary for Global Clock g2
10. Device Cell Placement Summary for Global Clock g3
11. Device Cell Placement Summary for Global Clock g4
12. Device Cell Placement Summary for Global Clock g5
13. Device Cell Placement Summary for Global Clock g6
14. Device Cell Placement Summary for Global Clock g7
15. Device Cell Placement Summary for Global Clock g8
16. Device Cell Placement Summary for Global Clock g9
17. Device Cell Placement Summary for Global Clock g10
18. Device Cell Placement Summary for Global Clock g11
19. Device Cell Placement Summary for Global Clock g12
20. Device Cell Placement Summary for Global Clock g13
21. Device Cell Placement Summary for Global Clock g14
22. Clock Region Cell Placement per Global Clock: Region X0Y0
23. Clock Region Cell Placement per Global Clock: Region X1Y0
24. Clock Region Cell Placement per Global Clock: Region X0Y1
25. Clock Region Cell Placement per Global Clock: Region X1Y1
26. Clock Region Cell Placement per Global Clock: Region X0Y2

1. Clock Primitive Utilization
------------------------------

+----------+------+-----------+-----+--------------+--------+
| Type     | Used | Available | LOC | Clock Region | Pblock |
+----------+------+-----------+-----+--------------+--------+
| BUFGCTRL |   11 |        32 |   0 |            0 |      0 |
| BUFH     |    4 |        72 |   0 |            0 |      0 |
| BUFIO    |    0 |        16 |   0 |            0 |      0 |
| BUFMR    |    0 |         8 |   0 |            0 |      0 |
| BUFR     |    0 |        16 |   0 |            0 |      0 |
| MMCM     |    1 |         4 |   0 |            0 |      0 |
| PLL      |    2 |         4 |   0 |            0 |      0 |
+----------+------+-----------+-----+--------------+--------+


2. Global Clock Resources
-------------------------

+-----------+-----------+-----------------+------------+----------------+--------------+-------------------+-------------+-----------------+--------------+--------------------------------------------------------------------------------------------+--------------------------------------------------------------------------------------------------------+-----------------------------------------------------------------------------------------------------------------------------------------------+
| Global Id | Source Id | Driver Type/Pin | Constraint | Site           | Clock Region | Load Clock Region | Clock Loads | Non-Clock Loads | Clock Period | Clock                                                                                      | Driver Pin                                                                                             | Net                                                                                                                                           |
+-----------+-----------+-----------------+------------+----------------+--------------+-------------------+-------------+-----------------+--------------+--------------------------------------------------------------------------------------------+--------------------------------------------------------------------------------------------------------+-----------------------------------------------------------------------------------------------------------------------------------------------+
| g0        | src0      | BUFGCTRL/O      | None       | BUFGCTRL_X0Y0  | n/a          |                 5 |       12420 |               1 |              |                                                                                            | design_sender_i/urllc_core_0/multi_clock/clk_wiz_static/inst/clkout1_buf/O                             | design_sender_i/urllc_core_0/multi_clock/clk_wiz_static/inst/clk_out_8M                                                                       |
| g1        | src0      | BUFH/O          | None       | BUFHCE_X0Y1    | X0Y0         |                 1 |           8 |               0 |              |                                                                                            | design_sender_i/urllc_core_0/multi_clock/clk_wiz_static/inst/clkout1_buf_en/O                          | design_sender_i/urllc_core_0/multi_clock/clk_wiz_static/inst/clk_out_8M_urllc_core_inst_1_clk_wiz_static_0_en_clk                             |
| g2        | src2      | BUFGCTRL/O      | None       | BUFGCTRL_X0Y2  | n/a          |                 4 |        2146 |               0 |              |                                                                                            | design_sender_i/urllc_core_0/multi_clock/clk_wiz_static/inst/clkout2_buf/O                             | design_sender_i/urllc_core_0/multi_clock/clk_wiz_static/inst/clk_out_40M                                                                      |
| g3        | src2      | BUFH/O          | None       | BUFHCE_X0Y2    | X0Y0         |                 1 |           8 |               0 |              |                                                                                            | design_sender_i/urllc_core_0/multi_clock/clk_wiz_static/inst/clkout2_buf_en/O                          | design_sender_i/urllc_core_0/multi_clock/clk_wiz_static/inst/clk_out_40M_urllc_core_inst_1_clk_wiz_static_0_en_clk                            |
| g4        | src4      | BUFG/O          | None       | BUFGCTRL_X0Y3  | n/a          |                 1 |         461 |               0 |       33.000 | dbg_hub/inst/BSCANID.u_xsdbm_id/SWITCH_N_EXT_BSCAN.bscan_inst/SERIES7_BSCAN.bscan_inst/TCK | dbg_hub/inst/BSCANID.u_xsdbm_id/SWITCH_N_EXT_BSCAN.u_bufg_icon_tck/O                                   | dbg_hub/inst/BSCANID.u_xsdbm_id/itck_i                                                                                                        |
| g5        | src5      | BUFGCTRL/O      | None       | BUFGCTRL_X0Y4  | n/a          |                 1 |         163 |               0 |              |                                                                                            | design_sender_i/urllc_core_0/multi_clock/clk_wiz_dynamic/inst/CLK_CORE_DRP_I/clk_inst/clkout1_buf/O    | design_sender_i/urllc_core_0/multi_clock/clk_wiz_dynamic/inst/CLK_CORE_DRP_I/clk_inst/clk_out_200M                                            |
| g6        | src5      | BUFH/O          | None       | BUFHCE_X0Y0    | X0Y0         |                 1 |           8 |               0 |              |                                                                                            | design_sender_i/urllc_core_0/multi_clock/clk_wiz_dynamic/inst/CLK_CORE_DRP_I/clk_inst/clkout1_buf_en/O | design_sender_i/urllc_core_0/multi_clock/clk_wiz_dynamic/inst/CLK_CORE_DRP_I/clk_inst/clk_out_200M_urllc_core_inst_1_clk_wiz_dynamic_0_en_clk |
| g7        | src7      | BUFGCTRL/O      | None       | BUFGCTRL_X0Y1  | n/a          |                 2 |          44 |               1 |              |                                                                                            | design_sender_i/urllc_core_0/multi_clock/clk_wiz_static/inst/clkout3_buf/O                             | design_sender_i/urllc_core_0/multi_clock/clk_wiz_static/inst/clk_out_120M                                                                     |
| g8        | src7      | BUFH/O          | None       | BUFHCE_X0Y3    | X0Y0         |                 1 |           8 |               0 |              |                                                                                            | design_sender_i/urllc_core_0/multi_clock/clk_wiz_static/inst/clkout3_buf_en/O                          | design_sender_i/urllc_core_0/multi_clock/clk_wiz_static/inst/clk_out_120M_urllc_core_inst_1_clk_wiz_static_0_en_clk                           |
| g9        | src9      | BUFG/O          | None       | BUFGCTRL_X0Y16 | n/a          |                 1 |           1 |               0 |              |                                                                                            | design_sender_i/urllc_core_0/multi_clock/clk_wiz_100M/inst/clkin1_bufg/O                               | design_sender_i/urllc_core_0/multi_clock/clk_wiz_100M/inst/clk_in1_urllc_core_inst_1_clk_wiz_100M_0                                           |
| g10       | src9      | BUFG/O          | None       | BUFGCTRL_X0Y17 | n/a          |                 1 |           1 |               0 |              |                                                                                            | design_sender_i/urllc_core_0/multi_clock/clk_wiz_dynamic/inst/CLK_CORE_DRP_I/clk_inst/clkin1_bufg/O    | design_sender_i/urllc_core_0/multi_clock/clk_wiz_dynamic/inst/CLK_CORE_DRP_I/clk_inst/clk_in1_urllc_core_inst_1_clk_wiz_dynamic_0             |
| g11       | src10     | BUFG/O          | None       | BUFGCTRL_X0Y5  | n/a          |                 1 |           1 |               0 |              |                                                                                            | design_sender_i/urllc_core_0/multi_clock/clk_wiz_100M/inst/clkf_buf/O                                  | design_sender_i/urllc_core_0/multi_clock/clk_wiz_100M/inst/clkfbout_buf_urllc_core_inst_1_clk_wiz_100M_0                                      |
| g12       | src11     | BUFG/O          | None       | BUFGCTRL_X0Y6  | n/a          |                 1 |           1 |               0 |              |                                                                                            | design_sender_i/urllc_core_0/multi_clock/clk_wiz_dynamic/inst/CLK_CORE_DRP_I/clk_inst/clkf_buf/O       | design_sender_i/urllc_core_0/multi_clock/clk_wiz_dynamic/inst/CLK_CORE_DRP_I/clk_inst/clkfbout_buf_urllc_core_inst_1_clk_wiz_dynamic_0        |
| g13       | src12     | BUFG/O          | None       | BUFGCTRL_X0Y8  | n/a          |                 1 |           1 |               0 |              |                                                                                            | design_sender_i/urllc_core_0/multi_clock/clk_wiz_static/inst/clkin1_bufg/O                             | design_sender_i/urllc_core_0/multi_clock/clk_wiz_static/inst/clk_in1_urllc_core_inst_1_clk_wiz_static_0                                       |
| g14       | src13     | BUFG/O          | None       | BUFGCTRL_X0Y7  | n/a          |                 1 |           1 |               0 |              |                                                                                            | design_sender_i/urllc_core_0/multi_clock/clk_wiz_static/inst/clkf_buf/O                                | design_sender_i/urllc_core_0/multi_clock/clk_wiz_static/inst/clkfbout_buf_urllc_core_inst_1_clk_wiz_static_0                                  |
+-----------+-----------+-----------------+------------+----------------+--------------+-------------------+-------------+-----------------+--------------+--------------------------------------------------------------------------------------------+--------------------------------------------------------------------------------------------------------+-----------------------------------------------------------------------------------------------------------------------------------------------+
* Clock Loads column represents the clock pin loads (pin count)
** Non-Clock Loads column represents the non-clock pin loads (pin count)


3. Global Clock Source Details
------------------------------

+-----------+-----------+---------------------+------------+-----------------+--------------+-------------+-----------------+---------------------+--------------------------------------------------------------------------------------------+--------------------------------------------------------------------------------------------------------------+----------------------------------------------------------------------------------------------------------------------------------------+
| Source Id | Global Id | Driver Type/Pin     | Constraint | Site            | Clock Region | Clock Loads | Non-Clock Loads | Source Clock Period | Source Clock                                                                               | Driver Pin                                                                                                   | Net                                                                                                                                    |
+-----------+-----------+---------------------+------------+-----------------+--------------+-------------+-----------------+---------------------+--------------------------------------------------------------------------------------------+--------------------------------------------------------------------------------------------------------------+----------------------------------------------------------------------------------------------------------------------------------------+
| src0      | g0        | PLLE2_ADV/CLKOUT0   | None       | PLLE2_ADV_X1Y0  | X1Y0         |           2 |               0 |                     |                                                                                            | design_sender_i/urllc_core_0/multi_clock/clk_wiz_static/inst/plle2_adv_inst/CLKOUT0                          | design_sender_i/urllc_core_0/multi_clock/clk_wiz_static/inst/clk_out_8M_urllc_core_inst_1_clk_wiz_static_0                             |
| src0      | g1        | PLLE2_ADV/CLKOUT0   | None       | PLLE2_ADV_X1Y0  | X1Y0         |           2 |               0 |                     |                                                                                            | design_sender_i/urllc_core_0/multi_clock/clk_wiz_static/inst/plle2_adv_inst/CLKOUT0                          | design_sender_i/urllc_core_0/multi_clock/clk_wiz_static/inst/clk_out_8M_urllc_core_inst_1_clk_wiz_static_0                             |
| src1      | g0        | VCC/P               | None       |                 | n/a          |           0 |               0 |                     |                                                                                            | design_sender_i/urllc_core_0/multi_clock/clk_wiz_static/inst/VCC_1/P                                         | design_sender_i/urllc_core_0/multi_clock/clk_wiz_static/inst/VCC_2                                                                     |
| src2      | g2        | PLLE2_ADV/CLKOUT1   | None       | PLLE2_ADV_X1Y0  | X1Y0         |           2 |               0 |                     |                                                                                            | design_sender_i/urllc_core_0/multi_clock/clk_wiz_static/inst/plle2_adv_inst/CLKOUT1                          | design_sender_i/urllc_core_0/multi_clock/clk_wiz_static/inst/clk_out_40M_urllc_core_inst_1_clk_wiz_static_0                            |
| src2      | g3        | PLLE2_ADV/CLKOUT1   | None       | PLLE2_ADV_X1Y0  | X1Y0         |           2 |               0 |                     |                                                                                            | design_sender_i/urllc_core_0/multi_clock/clk_wiz_static/inst/plle2_adv_inst/CLKOUT1                          | design_sender_i/urllc_core_0/multi_clock/clk_wiz_static/inst/clk_out_40M_urllc_core_inst_1_clk_wiz_static_0                            |
| src3      | g2        | VCC/P               | None       |                 | n/a          |           0 |               0 |                     |                                                                                            | design_sender_i/urllc_core_0/multi_clock/clk_wiz_static/inst/VCC_1/P                                         | design_sender_i/urllc_core_0/multi_clock/clk_wiz_static/inst/VCC_2                                                                     |
| src4      | g4        | BSCANE2/TCK         | None       | BSCAN_X0Y0      | X1Y1         |           1 |               0 |              33.000 | dbg_hub/inst/BSCANID.u_xsdbm_id/SWITCH_N_EXT_BSCAN.bscan_inst/SERIES7_BSCAN.bscan_inst/TCK | dbg_hub/inst/BSCANID.u_xsdbm_id/SWITCH_N_EXT_BSCAN.bscan_inst/SERIES7_BSCAN.bscan_inst/TCK                   | dbg_hub/inst/BSCANID.u_xsdbm_id/SWITCH_N_EXT_BSCAN.bscan_inst/tck_bs                                                                   |
| src5      | g5        | MMCME2_ADV/CLKOUT0  | None       | MMCME2_ADV_X1Y0 | X1Y0         |           2 |               0 |                     |                                                                                            | design_sender_i/urllc_core_0/multi_clock/clk_wiz_dynamic/inst/CLK_CORE_DRP_I/clk_inst/mmcm_adv_inst/CLKOUT0  | design_sender_i/urllc_core_0/multi_clock/clk_wiz_dynamic/inst/CLK_CORE_DRP_I/clk_inst/clk_out_200M_urllc_core_inst_1_clk_wiz_dynamic_0 |
| src5      | g6        | MMCME2_ADV/CLKOUT0  | None       | MMCME2_ADV_X1Y0 | X1Y0         |           2 |               0 |                     |                                                                                            | design_sender_i/urllc_core_0/multi_clock/clk_wiz_dynamic/inst/CLK_CORE_DRP_I/clk_inst/mmcm_adv_inst/CLKOUT0  | design_sender_i/urllc_core_0/multi_clock/clk_wiz_dynamic/inst/CLK_CORE_DRP_I/clk_inst/clk_out_200M_urllc_core_inst_1_clk_wiz_dynamic_0 |
| src6      | g5        | VCC/P               | None       |                 | n/a          |           0 |               0 |                     |                                                                                            | design_sender_i/urllc_core_0/multi_clock/clk_wiz_dynamic/inst/CLK_CORE_DRP_I/clk_inst/VCC_1/P                | design_sender_i/urllc_core_0/multi_clock/clk_wiz_dynamic/inst/CLK_CORE_DRP_I/clk_inst/VCC_2                                            |
| src7      | g7        | PLLE2_ADV/CLKOUT2   | None       | PLLE2_ADV_X1Y0  | X1Y0         |           2 |               0 |                     |                                                                                            | design_sender_i/urllc_core_0/multi_clock/clk_wiz_static/inst/plle2_adv_inst/CLKOUT2                          | design_sender_i/urllc_core_0/multi_clock/clk_wiz_static/inst/clk_out_120M_urllc_core_inst_1_clk_wiz_static_0                           |
| src7      | g8        | PLLE2_ADV/CLKOUT2   | None       | PLLE2_ADV_X1Y0  | X1Y0         |           2 |               0 |                     |                                                                                            | design_sender_i/urllc_core_0/multi_clock/clk_wiz_static/inst/plle2_adv_inst/CLKOUT2                          | design_sender_i/urllc_core_0/multi_clock/clk_wiz_static/inst/clk_out_120M_urllc_core_inst_1_clk_wiz_static_0                           |
| src8      | g7        | VCC/P               | None       |                 | n/a          |           0 |               0 |                     |                                                                                            | design_sender_i/urllc_core_0/multi_clock/clk_wiz_static/inst/VCC_1/P                                         | design_sender_i/urllc_core_0/multi_clock/clk_wiz_static/inst/VCC_2                                                                     |
| src9      | g9        | IBUF/O              | IOB_X1Y126 | IOB_X1Y126      | X1Y2         |           2 |               0 |                     |                                                                                            | clk_pl_50M_IBUF_inst/O                                                                                       | clk_pl_50M_IBUF                                                                                                                        |
| src9      | g10       | IBUF/O              | IOB_X1Y126 | IOB_X1Y126      | X1Y2         |           2 |               0 |                     |                                                                                            | clk_pl_50M_IBUF_inst/O                                                                                       | clk_pl_50M_IBUF                                                                                                                        |
| src10     | g11       | PLLE2_ADV/CLKFBOUT  | None       | PLLE2_ADV_X0Y0  | X0Y0         |           1 |               0 |                     |                                                                                            | design_sender_i/urllc_core_0/multi_clock/clk_wiz_100M/inst/plle2_adv_inst/CLKFBOUT                           | design_sender_i/urllc_core_0/multi_clock/clk_wiz_100M/inst/clkfbout_urllc_core_inst_1_clk_wiz_100M_0                                   |
| src11     | g12       | MMCME2_ADV/CLKFBOUT | None       | MMCME2_ADV_X1Y0 | X1Y0         |           1 |               0 |                     |                                                                                            | design_sender_i/urllc_core_0/multi_clock/clk_wiz_dynamic/inst/CLK_CORE_DRP_I/clk_inst/mmcm_adv_inst/CLKFBOUT | design_sender_i/urllc_core_0/multi_clock/clk_wiz_dynamic/inst/CLK_CORE_DRP_I/clk_inst/clkfbout_urllc_core_inst_1_clk_wiz_dynamic_0     |
| src12     | g13       | PLLE2_ADV/CLKOUT0   | None       | PLLE2_ADV_X0Y0  | X0Y0         |           1 |               0 |                     |                                                                                            | design_sender_i/urllc_core_0/multi_clock/clk_wiz_100M/inst/plle2_adv_inst/CLKOUT0                            | design_sender_i/urllc_core_0/multi_clock/clk_wiz_100M/inst/clk_out1_urllc_core_inst_1_clk_wiz_100M_0                                   |
| src13     | g14       | PLLE2_ADV/CLKFBOUT  | None       | PLLE2_ADV_X1Y0  | X1Y0         |           1 |               0 |                     |                                                                                            | design_sender_i/urllc_core_0/multi_clock/clk_wiz_static/inst/plle2_adv_inst/CLKFBOUT                         | design_sender_i/urllc_core_0/multi_clock/clk_wiz_static/inst/clkfbout_urllc_core_inst_1_clk_wiz_static_0                               |
+-----------+-----------+---------------------+------------+-----------------+--------------+-------------+-----------------+---------------------+--------------------------------------------------------------------------------------------+--------------------------------------------------------------------------------------------------------------+----------------------------------------------------------------------------------------------------------------------------------------+
* Clock Loads column represents the clock pin loads (pin count)
** Non-Clock Loads column represents the non-clock pin loads (pin count)


4. Local Clock Details
----------------------

+----------+-----------------+------------+------------------+--------------+-------------+-----------------+--------------+------------+-----------------------------------------------------------------------------------------------------+---------------------------------------------------------------------------------+
| Local Id | Driver Type/Pin | Constraint | Site/BEL         | Clock Region | Clock Loads | Non-Clock Loads | Clock Period | Clock      | Driver Pin                                                                                          | Net                                                                             |
+----------+-----------------+------------+------------------+--------------+-------------+-----------------+--------------+------------+-----------------------------------------------------------------------------------------------------+---------------------------------------------------------------------------------||
| 0        | PS7/FCLKCLK[0]  | PS7_X0Y0   | PS7_X0Y0/PS7     | X0Y2         |        2886 |               0 |       20.000 | clk_fpga_0 | design_sender_i/urllc_core_0/processing_system7_0/inst/PS7_i/FCLKCLK[0]                             | design_sender_i/urllc_core_0/processing_system7_0/inst/FCLK_CLK0                - Static -
| 1        | FDRE/Q          | None       | SLICE_X37Y57/DFF | X0Y1         |           1 |               5 |              |            | design_sender_i/urllc_core_0/debug_ports/axi_gpio_0/U0/gpio_core_1/Not_Dual.gpio_Data_Out_reg[27]/Q | design_sender_i/urllc_core_0/debug_ports/axi_gpio_0/U0/gpio_core_1/gpio_io_o[4] - Static -
+----------+-----------------+------------+------------------+--------------+-------------+-----------------+--------------+------------+-----------------------------------------------------------------------------------------------------+---------------------------------------------------------------------------------||
* Local Clocks in this context represents only clocks driven by non-global buffers
** Clock Loads column represents the clock pin loads (pin count)
*** Non-Clock Loads column represents the non-clock pin loads (pin count)


5. Clock Regions: Key Resource Utilization
------------------------------------------

+-------------------+--------------+--------------+--------------+--------------+--------------+--------------+--------------+--------------+--------------+--------------+--------------+--------------+--------------+--------------+--------------+
|                   | Global Clock |     BUFRs    |    BUFMRs    |    BUFIOs    |     MMCM     |      PLL     |      GT      |      PCI     |    ILOGIC    |    OLOGIC    |      FF      |     LUTM     |    RAMB18    |    RAMB36    |    DSP48E2   |
+-------------------+------+-------+------+-------+------+-------+------+-------+------+-------+------+-------+------+-------+------+-------+------+-------+------+-------+------+-------+------+-------+------+-------+------+-------+------+-------+
| Clock Region Name | Used | Avail | Used | Avail | Used | Avail | Used | Avail | Used | Avail | Used | Avail | Used | Avail | Used | Avail | Used | Avail | Used | Avail | Used | Avail | Used | Avail | Used | Avail | Used | Avail | Used | Avail |
+-------------------+------+-------+------+-------+------+-------+------+-------+------+-------+------+-------+------+-------+------+-------+------+-------+------+-------+------+-------+------+-------+------+-------+------+-------+------+-------+
| X0Y0              |    8 |    12 |    0 |     4 |    0 |     2 |    0 |     4 |    0 |     1 |    1 |     1 |    0 |     0 |    0 |     0 |    0 |    50 |    0 |    50 | 6969 |  2500 | 3445 |  1000 |    0 |    60 |   28 |    30 |    0 |    60 |
| X1Y0              |    9 |    12 |    0 |     4 |    0 |     2 |    0 |     4 |    1 |     1 |    1 |     1 |    0 |     0 |    0 |     0 |    0 |    50 |    0 |    50 | 6130 |  3200 | 1752 |   850 |    0 |    60 |   27 |    30 |    0 |    40 |
| X0Y1              |    2 |    12 |    0 |     0 |    0 |     0 |    0 |     0 |    0 |     0 |    0 |     0 |    0 |     0 |    0 |     0 |    0 |     0 |    0 |     0 | 2170 |  1200 |  793 |   400 |    0 |    20 |    1 |    10 |    0 |    20 |
| X1Y1              |    3 |    12 |    0 |     4 |    0 |     2 |    0 |     4 |    0 |     1 |    0 |     1 |    0 |     0 |    0 |     0 |    0 |    50 |    0 |    50 | 1506 |  2600 |  416 |   850 |    0 |    60 |    3 |    30 |    0 |    40 |
| X0Y2              |    1 |    12 |    0 |     0 |    0 |     0 |    0 |     0 |    0 |     0 |    0 |     0 |    0 |     0 |    0 |     0 |    0 |     0 |    0 |     0 |  217 |  1200 |   98 |   400 |    0 |    20 |    0 |    10 |    0 |    20 |
| X1Y2              |    0 |    12 |    0 |     4 |    0 |     2 |    0 |     4 |    0 |     1 |    0 |     1 |    0 |     0 |    0 |     0 |    0 |    50 |    0 |    50 |    0 |  2600 |    0 |   850 |    0 |    60 |    0 |    30 |    0 |    40 |
+-------------------+------+-------+------+-------+------+-------+------+-------+------+-------+------+-------+------+-------+------+-------+------+-------+------+-------+------+-------+------+-------+------+-------+------+-------+------+-------+
* Global Clock column represents track count; while other columns represents cell counts


6. Clock Regions : Global Clock Summary
---------------------------------------

All Modules
+----+----+----+
|    | X0 | X1 |
+----+----+----+
| Y2 |  1 |  0 |
| Y1 |  2 |  3 |
| Y0 |  8 |  9 |
+----+----+----+


7. Device Cell Placement Summary for Global Clock g0
----------------------------------------------------

+-----------+-----------------+-------------------+-------+-------------+---------------+-------------+----------+----------------+----------+-------------------------------------------------------------------------+
| Global Id | Driver Type/Pin | Driver Region (D) | Clock | Period (ns) | Waveform (ns) | Slice Loads | IO Loads | Clocking Loads | GT Loads | Net                                                                     |
+-----------+-----------------+-------------------+-------+-------------+---------------+-------------+----------+----------------+----------+-------------------------------------------------------------------------+
| g0        | BUFGCTRL/O      | n/a               |       |             |               |       12194 |        1 |              0 |        0 | design_sender_i/urllc_core_0/multi_clock/clk_wiz_static/inst/clk_out_8M |
+-----------+-----------------+-------------------+-------+-------------+---------------+-------------+----------+----------------+----------+-------------------------------------------------------------------------+
* Slice Loads column represents load cell count of all cell types other than IO, GT and clock resources
** IO Loads column represents load cell count of IO types
*** Clocking Loads column represents load cell count that are clock resources (global clock buffer, MMCM, PLL, etc)
**** GT Loads column represents load cell count of GT types


+----+-------+-------+-----------------------+
|    | X0    | X1    | HORIZONTAL PROG DELAY |
+----+-------+-------+-----------------------+
| Y2 |     1 |     0 |                     0 |
| Y1 |   399 |   715 |                     0 |
| Y0 |  7121 |  3959 |                     0 |
+----+-------+-------+-----------------------+


8. Device Cell Placement Summary for Global Clock g1
----------------------------------------------------

+-----------+-----------------+-------------------+-------+-------------+---------------+-------------+----------+----------------+----------+-------------------------------------------------------------------------------------------------------------------+
| Global Id | Driver Type/Pin | Driver Region (D) | Clock | Period (ns) | Waveform (ns) | Slice Loads | IO Loads | Clocking Loads | GT Loads | Net                                                                                                               |
+-----------+-----------------+-------------------+-------+-------------+---------------+-------------+----------+----------------+----------+-------------------------------------------------------------------------------------------------------------------+
| g1        | BUFH/O          | X0Y0              |       |             |               |           8 |        0 |              0 |        0 | design_sender_i/urllc_core_0/multi_clock/clk_wiz_static/inst/clk_out_8M_urllc_core_inst_1_clk_wiz_static_0_en_clk |
+-----------+-----------------+-------------------+-------+-------------+---------------+-------------+----------+----------------+----------+-------------------------------------------------------------------------------------------------------------------+
* Slice Loads column represents load cell count of all cell types other than IO, GT and clock resources
** IO Loads column represents load cell count of IO types
*** Clocking Loads column represents load cell count that are clock resources (global clock buffer, MMCM, PLL, etc)
**** GT Loads column represents load cell count of GT types


+----+--------+----+-----------------------+
|    | X0     | X1 | HORIZONTAL PROG DELAY |
+----+--------+----+-----------------------+
| Y2 |      0 |  0 |                     0 |
| Y1 |      0 |  0 |                     0 |
| Y0 |  (D) 8 |  0 |                     0 |
+----+--------+----+-----------------------+


9. Device Cell Placement Summary for Global Clock g2
----------------------------------------------------

+-----------+-----------------+-------------------+-------+-------------+---------------+-------------+----------+----------------+----------+--------------------------------------------------------------------------+
| Global Id | Driver Type/Pin | Driver Region (D) | Clock | Period (ns) | Waveform (ns) | Slice Loads | IO Loads | Clocking Loads | GT Loads | Net                                                                      |
+-----------+-----------------+-------------------+-------+-------------+---------------+-------------+----------+----------------+----------+--------------------------------------------------------------------------+
| g2        | BUFGCTRL/O      | n/a               |       |             |               |        2020 |        0 |              0 |        0 | design_sender_i/urllc_core_0/multi_clock/clk_wiz_static/inst/clk_out_40M |
+-----------+-----------------+-------------------+-------+-------------+---------------+-------------+----------+----------------+----------+--------------------------------------------------------------------------+
* Slice Loads column represents load cell count of all cell types other than IO, GT and clock resources
** IO Loads column represents load cell count of IO types
*** Clocking Loads column represents load cell count that are clock resources (global clock buffer, MMCM, PLL, etc)
**** GT Loads column represents load cell count of GT types


+----+------+-------+-----------------------+
|    | X0   | X1    | HORIZONTAL PROG DELAY |
+----+------+-------+-----------------------+
| Y2 |    0 |     0 |                     0 |
| Y1 |    1 |    25 |                     0 |
| Y0 |  183 |  1811 |                     0 |
+----+------+-------+-----------------------+


10. Device Cell Placement Summary for Global Clock g3
-----------------------------------------------------

+-----------+-----------------+-------------------+-------+-------------+---------------+-------------+----------+----------------+----------+--------------------------------------------------------------------------------------------------------------------+
| Global Id | Driver Type/Pin | Driver Region (D) | Clock | Period (ns) | Waveform (ns) | Slice Loads | IO Loads | Clocking Loads | GT Loads | Net                                                                                                                |
+-----------+-----------------+-------------------+-------+-------------+---------------+-------------+----------+----------------+----------+--------------------------------------------------------------------------------------------------------------------+
| g3        | BUFH/O          | X0Y0              |       |             |               |           8 |        0 |              0 |        0 | design_sender_i/urllc_core_0/multi_clock/clk_wiz_static/inst/clk_out_40M_urllc_core_inst_1_clk_wiz_static_0_en_clk |
+-----------+-----------------+-------------------+-------+-------------+---------------+-------------+----------+----------------+----------+--------------------------------------------------------------------------------------------------------------------+
* Slice Loads column represents load cell count of all cell types other than IO, GT and clock resources
** IO Loads column represents load cell count of IO types
*** Clocking Loads column represents load cell count that are clock resources (global clock buffer, MMCM, PLL, etc)
**** GT Loads column represents load cell count of GT types


+----+--------+----+-----------------------+
|    | X0     | X1 | HORIZONTAL PROG DELAY |
+----+--------+----+-----------------------+
| Y2 |      0 |  0 |                     0 |
| Y1 |      0 |  0 |                     0 |
| Y0 |  (D) 8 |  0 |                     0 |
+----+--------+----+-----------------------+


11. Device Cell Placement Summary for Global Clock g4
-----------------------------------------------------

+-----------+-----------------+-------------------+--------------------------------------------------------------------------------------------+-------------+----------------+-------------+----------+----------------+----------+----------------------------------------+
| Global Id | Driver Type/Pin | Driver Region (D) | Clock                                                                                      | Period (ns) | Waveform (ns)  | Slice Loads | IO Loads | Clocking Loads | GT Loads | Net                                    |
+-----------+-----------------+-------------------+--------------------------------------------------------------------------------------------+-------------+----------------+-------------+----------+----------------+----------+----------------------------------------+
| g4        | BUFG/O          | n/a               | dbg_hub/inst/BSCANID.u_xsdbm_id/SWITCH_N_EXT_BSCAN.bscan_inst/SERIES7_BSCAN.bscan_inst/TCK |      33.000 | {0.000 16.500} |         458 |        0 |              0 |        0 | dbg_hub/inst/BSCANID.u_xsdbm_id/itck_i |
+-----------+-----------------+-------------------+--------------------------------------------------------------------------------------------+-------------+----------------+-------------+----------+----------------+----------+----------------------------------------+
* Slice Loads column represents load cell count of all cell types other than IO, GT and clock resources
** IO Loads column represents load cell count of IO types
*** Clocking Loads column represents load cell count that are clock resources (global clock buffer, MMCM, PLL, etc)
**** GT Loads column represents load cell count of GT types


+----+----+------+-----------------------+
|    | X0 | X1   | HORIZONTAL PROG DELAY |
+----+----+------+-----------------------+
| Y2 |  0 |    0 |                     0 |
| Y1 |  0 |    0 |                     0 |
| Y0 |  0 |  458 |                     0 |
+----+----+------+-----------------------+


12. Device Cell Placement Summary for Global Clock g5
-----------------------------------------------------

+-----------+-----------------+-------------------+-------+-------------+---------------+-------------+----------+----------------+----------+----------------------------------------------------------------------------------------------------+
| Global Id | Driver Type/Pin | Driver Region (D) | Clock | Period (ns) | Waveform (ns) | Slice Loads | IO Loads | Clocking Loads | GT Loads | Net                                                                                                |
+-----------+-----------------+-------------------+-------+-------------+---------------+-------------+----------+----------------+----------+----------------------------------------------------------------------------------------------------+
| g5        | BUFGCTRL/O      | n/a               |       |             |               |         163 |        0 |              0 |        0 | design_sender_i/urllc_core_0/multi_clock/clk_wiz_dynamic/inst/CLK_CORE_DRP_I/clk_inst/clk_out_200M |
+-----------+-----------------+-------------------+-------+-------------+---------------+-------------+----------+----------------+----------+----------------------------------------------------------------------------------------------------+
* Slice Loads column represents load cell count of all cell types other than IO, GT and clock resources
** IO Loads column represents load cell count of IO types
*** Clocking Loads column represents load cell count that are clock resources (global clock buffer, MMCM, PLL, etc)
**** GT Loads column represents load cell count of GT types


+----+----+------+-----------------------+
|    | X0 | X1   | HORIZONTAL PROG DELAY |
+----+----+------+-----------------------+
| Y2 |  0 |    0 |                     0 |
| Y1 |  0 |    0 |                     0 |
| Y0 |  0 |  163 |                     0 |
+----+----+------+-----------------------+


13. Device Cell Placement Summary for Global Clock g6
-----------------------------------------------------

+-----------+-----------------+-------------------+-------+-------------+---------------+-------------+----------+----------------+----------+-----------------------------------------------------------------------------------------------------------------------------------------------+
| Global Id | Driver Type/Pin | Driver Region (D) | Clock | Period (ns) | Waveform (ns) | Slice Loads | IO Loads | Clocking Loads | GT Loads | Net                                                                                                                                           |
+-----------+-----------------+-------------------+-------+-------------+---------------+-------------+----------+----------------+----------+-----------------------------------------------------------------------------------------------------------------------------------------------+
| g6        | BUFH/O          | X0Y0              |       |             |               |           8 |        0 |              0 |        0 | design_sender_i/urllc_core_0/multi_clock/clk_wiz_dynamic/inst/CLK_CORE_DRP_I/clk_inst/clk_out_200M_urllc_core_inst_1_clk_wiz_dynamic_0_en_clk |
+-----------+-----------------+-------------------+-------+-------------+---------------+-------------+----------+----------------+----------+-----------------------------------------------------------------------------------------------------------------------------------------------+
* Slice Loads column represents load cell count of all cell types other than IO, GT and clock resources
** IO Loads column represents load cell count of IO types
*** Clocking Loads column represents load cell count that are clock resources (global clock buffer, MMCM, PLL, etc)
**** GT Loads column represents load cell count of GT types


+----+--------+----+-----------------------+
|    | X0     | X1 | HORIZONTAL PROG DELAY |
+----+--------+----+-----------------------+
| Y2 |      0 |  0 |                     0 |
| Y1 |      0 |  0 |                     0 |
| Y0 |  (D) 8 |  0 |                     0 |
+----+--------+----+-----------------------+


14. Device Cell Placement Summary for Global Clock g7
-----------------------------------------------------

+-----------+-----------------+-------------------+-------+-------------+---------------+-------------+----------+----------------+----------+---------------------------------------------------------------------------+
| Global Id | Driver Type/Pin | Driver Region (D) | Clock | Period (ns) | Waveform (ns) | Slice Loads | IO Loads | Clocking Loads | GT Loads | Net                                                                       |
+-----------+-----------------+-------------------+-------+-------------+---------------+-------------+----------+----------------+----------+---------------------------------------------------------------------------+
| g7        | BUFGCTRL/O      | n/a               |       |             |               |          44 |        1 |              0 |        0 | design_sender_i/urllc_core_0/multi_clock/clk_wiz_static/inst/clk_out_120M |
+-----------+-----------------+-------------------+-------+-------------+---------------+-------------+----------+----------------+----------+---------------------------------------------------------------------------+
* Slice Loads column represents load cell count of all cell types other than IO, GT and clock resources
** IO Loads column represents load cell count of IO types
*** Clocking Loads column represents load cell count that are clock resources (global clock buffer, MMCM, PLL, etc)
**** GT Loads column represents load cell count of GT types


+----+----+-----+-----------------------+
|    | X0 | X1  | HORIZONTAL PROG DELAY |
+----+----+-----+-----------------------+
| Y2 |  0 |   0 |                     0 |
| Y1 |  0 |   1 |                     0 |
| Y0 |  0 |  44 |                     0 |
+----+----+-----+-----------------------+


15. Device Cell Placement Summary for Global Clock g8
-----------------------------------------------------

+-----------+-----------------+-------------------+-------+-------------+---------------+-------------+----------+----------------+----------+---------------------------------------------------------------------------------------------------------------------+
| Global Id | Driver Type/Pin | Driver Region (D) | Clock | Period (ns) | Waveform (ns) | Slice Loads | IO Loads | Clocking Loads | GT Loads | Net                                                                                                                 |
+-----------+-----------------+-------------------+-------+-------------+---------------+-------------+----------+----------------+----------+---------------------------------------------------------------------------------------------------------------------+
| g8        | BUFH/O          | X0Y0              |       |             |               |           8 |        0 |              0 |        0 | design_sender_i/urllc_core_0/multi_clock/clk_wiz_static/inst/clk_out_120M_urllc_core_inst_1_clk_wiz_static_0_en_clk |
+-----------+-----------------+-------------------+-------+-------------+---------------+-------------+----------+----------------+----------+---------------------------------------------------------------------------------------------------------------------+
* Slice Loads column represents load cell count of all cell types other than IO, GT and clock resources
** IO Loads column represents load cell count of IO types
*** Clocking Loads column represents load cell count that are clock resources (global clock buffer, MMCM, PLL, etc)
**** GT Loads column represents load cell count of GT types


+----+--------+----+-----------------------+
|    | X0     | X1 | HORIZONTAL PROG DELAY |
+----+--------+----+-----------------------+
| Y2 |      0 |  0 |                     0 |
| Y1 |      0 |  0 |                     0 |
| Y0 |  (D) 8 |  0 |                     0 |
+----+--------+----+-----------------------+


16. Device Cell Placement Summary for Global Clock g9
-----------------------------------------------------

+-----------+-----------------+-------------------+-------+-------------+---------------+-------------+----------+----------------+----------+-----------------------------------------------------------------------------------------------------+
| Global Id | Driver Type/Pin | Driver Region (D) | Clock | Period (ns) | Waveform (ns) | Slice Loads | IO Loads | Clocking Loads | GT Loads | Net                                                                                                 |
+-----------+-----------------+-------------------+-------+-------------+---------------+-------------+----------+----------------+----------+-----------------------------------------------------------------------------------------------------+
| g9        | BUFG/O          | n/a               |       |             |               |           0 |        0 |              1 |        0 | design_sender_i/urllc_core_0/multi_clock/clk_wiz_100M/inst/clk_in1_urllc_core_inst_1_clk_wiz_100M_0 |
+-----------+-----------------+-------------------+-------+-------------+---------------+-------------+----------+----------------+----------+-----------------------------------------------------------------------------------------------------+
* Slice Loads column represents load cell count of all cell types other than IO, GT and clock resources
** IO Loads column represents load cell count of IO types
*** Clocking Loads column represents load cell count that are clock resources (global clock buffer, MMCM, PLL, etc)
**** GT Loads column represents load cell count of GT types


+----+----+----+-----------------------+
|    | X0 | X1 | HORIZONTAL PROG DELAY |
+----+----+----+-----------------------+
| Y2 |  0 |  0 |                     0 |
| Y1 |  0 |  0 |                     0 |
| Y0 |  1 |  0 |                     0 |
+----+----+----+-----------------------+


17. Device Cell Placement Summary for Global Clock g10
------------------------------------------------------

+-----------+-----------------+-------------------+-------+-------------+---------------+-------------+----------+----------------+----------+-----------------------------------------------------------------------------------------------------------------------------------+
| Global Id | Driver Type/Pin | Driver Region (D) | Clock | Period (ns) | Waveform (ns) | Slice Loads | IO Loads | Clocking Loads | GT Loads | Net                                                                                                                               |
+-----------+-----------------+-------------------+-------+-------------+---------------+-------------+----------+----------------+----------+-----------------------------------------------------------------------------------------------------------------------------------+
| g10       | BUFG/O          | n/a               |       |             |               |           0 |        0 |              1 |        0 | design_sender_i/urllc_core_0/multi_clock/clk_wiz_dynamic/inst/CLK_CORE_DRP_I/clk_inst/clk_in1_urllc_core_inst_1_clk_wiz_dynamic_0 |
+-----------+-----------------+-------------------+-------+-------------+---------------+-------------+----------+----------------+----------+-----------------------------------------------------------------------------------------------------------------------------------+
* Slice Loads column represents load cell count of all cell types other than IO, GT and clock resources
** IO Loads column represents load cell count of IO types
*** Clocking Loads column represents load cell count that are clock resources (global clock buffer, MMCM, PLL, etc)
**** GT Loads column represents load cell count of GT types


+----+----+----+-----------------------+
|    | X0 | X1 | HORIZONTAL PROG DELAY |
+----+----+----+-----------------------+
| Y2 |  0 |  0 |                     0 |
| Y1 |  0 |  0 |                     0 |
| Y0 |  0 |  1 |                     0 |
+----+----+----+-----------------------+


18. Device Cell Placement Summary for Global Clock g11
------------------------------------------------------

+-----------+-----------------+-------------------+-------+-------------+---------------+-------------+----------+----------------+----------+----------------------------------------------------------------------------------------------------------+
| Global Id | Driver Type/Pin | Driver Region (D) | Clock | Period (ns) | Waveform (ns) | Slice Loads | IO Loads | Clocking Loads | GT Loads | Net                                                                                                      |
+-----------+-----------------+-------------------+-------+-------------+---------------+-------------+----------+----------------+----------+----------------------------------------------------------------------------------------------------------+
| g11       | BUFG/O          | n/a               |       |             |               |           0 |        0 |              1 |        0 | design_sender_i/urllc_core_0/multi_clock/clk_wiz_100M/inst/clkfbout_buf_urllc_core_inst_1_clk_wiz_100M_0 |
+-----------+-----------------+-------------------+-------+-------------+---------------+-------------+----------+----------------+----------+----------------------------------------------------------------------------------------------------------+
* Slice Loads column represents load cell count of all cell types other than IO, GT and clock resources
** IO Loads column represents load cell count of IO types
*** Clocking Loads column represents load cell count that are clock resources (global clock buffer, MMCM, PLL, etc)
**** GT Loads column represents load cell count of GT types


+----+----+----+-----------------------+
|    | X0 | X1 | HORIZONTAL PROG DELAY |
+----+----+----+-----------------------+
| Y2 |  0 |  0 |                     0 |
| Y1 |  0 |  0 |                     0 |
| Y0 |  1 |  0 |                     0 |
+----+----+----+-----------------------+


19. Device Cell Placement Summary for Global Clock g12
------------------------------------------------------

+-----------+-----------------+-------------------+-------+-------------+---------------+-------------+----------+----------------+----------+----------------------------------------------------------------------------------------------------------------------------------------+
| Global Id | Driver Type/Pin | Driver Region (D) | Clock | Period (ns) | Waveform (ns) | Slice Loads | IO Loads | Clocking Loads | GT Loads | Net                                                                                                                                    |
+-----------+-----------------+-------------------+-------+-------------+---------------+-------------+----------+----------------+----------+----------------------------------------------------------------------------------------------------------------------------------------+
| g12       | BUFG/O          | n/a               |       |             |               |           0 |        0 |              1 |        0 | design_sender_i/urllc_core_0/multi_clock/clk_wiz_dynamic/inst/CLK_CORE_DRP_I/clk_inst/clkfbout_buf_urllc_core_inst_1_clk_wiz_dynamic_0 |
+-----------+-----------------+-------------------+-------+-------------+---------------+-------------+----------+----------------+----------+----------------------------------------------------------------------------------------------------------------------------------------+
* Slice Loads column represents load cell count of all cell types other than IO, GT and clock resources
** IO Loads column represents load cell count of IO types
*** Clocking Loads column represents load cell count that are clock resources (global clock buffer, MMCM, PLL, etc)
**** GT Loads column represents load cell count of GT types


+----+----+----+-----------------------+
|    | X0 | X1 | HORIZONTAL PROG DELAY |
+----+----+----+-----------------------+
| Y2 |  0 |  0 |                     0 |
| Y1 |  0 |  0 |                     0 |
| Y0 |  0 |  1 |                     0 |
+----+----+----+-----------------------+


20. Device Cell Placement Summary for Global Clock g13
------------------------------------------------------

+-----------+-----------------+-------------------+-------+-------------+---------------+-------------+----------+----------------+----------+---------------------------------------------------------------------------------------------------------+
| Global Id | Driver Type/Pin | Driver Region (D) | Clock | Period (ns) | Waveform (ns) | Slice Loads | IO Loads | Clocking Loads | GT Loads | Net                                                                                                     |
+-----------+-----------------+-------------------+-------+-------------+---------------+-------------+----------+----------------+----------+---------------------------------------------------------------------------------------------------------+
| g13       | BUFG/O          | n/a               |       |             |               |           0 |        0 |              1 |        0 | design_sender_i/urllc_core_0/multi_clock/clk_wiz_static/inst/clk_in1_urllc_core_inst_1_clk_wiz_static_0 |
+-----------+-----------------+-------------------+-------+-------------+---------------+-------------+----------+----------------+----------+---------------------------------------------------------------------------------------------------------+
* Slice Loads column represents load cell count of all cell types other than IO, GT and clock resources
** IO Loads column represents load cell count of IO types
*** Clocking Loads column represents load cell count that are clock resources (global clock buffer, MMCM, PLL, etc)
**** GT Loads column represents load cell count of GT types


+----+----+----+-----------------------+
|    | X0 | X1 | HORIZONTAL PROG DELAY |
+----+----+----+-----------------------+
| Y2 |  0 |  0 |                     0 |
| Y1 |  0 |  0 |                     0 |
| Y0 |  0 |  1 |                     0 |
+----+----+----+-----------------------+


21. Device Cell Placement Summary for Global Clock g14
------------------------------------------------------

+-----------+-----------------+-------------------+-------+-------------+---------------+-------------+----------+----------------+----------+--------------------------------------------------------------------------------------------------------------+
| Global Id | Driver Type/Pin | Driver Region (D) | Clock | Period (ns) | Waveform (ns) | Slice Loads | IO Loads | Clocking Loads | GT Loads | Net                                                                                                          |
+-----------+-----------------+-------------------+-------+-------------+---------------+-------------+----------+----------------+----------+--------------------------------------------------------------------------------------------------------------+
| g14       | BUFG/O          | n/a               |       |             |               |           0 |        0 |              1 |        0 | design_sender_i/urllc_core_0/multi_clock/clk_wiz_static/inst/clkfbout_buf_urllc_core_inst_1_clk_wiz_static_0 |
+-----------+-----------------+-------------------+-------+-------------+---------------+-------------+----------+----------------+----------+--------------------------------------------------------------------------------------------------------------+
* Slice Loads column represents load cell count of all cell types other than IO, GT and clock resources
** IO Loads column represents load cell count of IO types
*** Clocking Loads column represents load cell count that are clock resources (global clock buffer, MMCM, PLL, etc)
**** GT Loads column represents load cell count of GT types


+----+----+----+-----------------------+
|    | X0 | X1 | HORIZONTAL PROG DELAY |
+----+----+----+-----------------------+
| Y2 |  0 |  0 |                     0 |
| Y1 |  0 |  0 |                     0 |
| Y0 |  0 |  1 |                     0 |
+----+----+----+-----------------------+


22. Clock Region Cell Placement per Global Clock: Region X0Y0
-------------------------------------------------------------

+-----------+-------+-----------------+------------+-------------+-----------------+------+--------+------+-----+----+------+-----+---------+-----------------------------------------------------------------------------------------------------------------------------------------------+
| Global Id | Track | Driver Type/Pin | Constraint | Clock Loads | Non-Clock Loads | FF   | LUTRAM | RAMB | DSP | GT | MMCM | PLL | Hard IP | Net                                                                                                                                           |
+-----------+-------+-----------------+------------+-------------+-----------------+------+--------+------+-----+----+------+-----+---------+-----------------------------------------------------------------------------------------------------------------------------------------------+
| g0        | n/a   | BUFGCTRL/O      | None       |        7121 |               0 | 6808 |    310 |    3 |   0 |  0 |    0 |   0 |       0 | design_sender_i/urllc_core_0/multi_clock/clk_wiz_static/inst/clk_out_8M                                                                       |
| g2        | n/a   | BUFGCTRL/O      | None       |         183 |               0 |  129 |     29 |   25 |   0 |  0 |    0 |   0 |       0 | design_sender_i/urllc_core_0/multi_clock/clk_wiz_static/inst/clk_out_40M                                                                      |
| g6        | n/a   | BUFH/O          | None       |           8 |               0 |    8 |      0 |    0 |   0 |  0 |    0 |   0 |       0 | design_sender_i/urllc_core_0/multi_clock/clk_wiz_dynamic/inst/CLK_CORE_DRP_I/clk_inst/clk_out_200M_urllc_core_inst_1_clk_wiz_dynamic_0_en_clk |
| g8        | n/a   | BUFH/O          | None       |           8 |               0 |    8 |      0 |    0 |   0 |  0 |    0 |   0 |       0 | design_sender_i/urllc_core_0/multi_clock/clk_wiz_static/inst/clk_out_120M_urllc_core_inst_1_clk_wiz_static_0_en_clk                           |
| g3        | n/a   | BUFH/O          | None       |           8 |               0 |    8 |      0 |    0 |   0 |  0 |    0 |   0 |       0 | design_sender_i/urllc_core_0/multi_clock/clk_wiz_static/inst/clk_out_40M_urllc_core_inst_1_clk_wiz_static_0_en_clk                            |
| g1        | n/a   | BUFH/O          | None       |           8 |               0 |    8 |      0 |    0 |   0 |  0 |    0 |   0 |       0 | design_sender_i/urllc_core_0/multi_clock/clk_wiz_static/inst/clk_out_8M_urllc_core_inst_1_clk_wiz_static_0_en_clk                             |
| g9        | n/a   | BUFG/O          | None       |           1 |               0 |    0 |      0 |    0 |   0 |  0 |    0 |   1 |       0 | design_sender_i/urllc_core_0/multi_clock/clk_wiz_100M/inst/clk_in1_urllc_core_inst_1_clk_wiz_100M_0                                           |
| g11       | n/a   | BUFG/O          | None       |           1 |               0 |    0 |      0 |    0 |   0 |  0 |    0 |   1 |       0 | design_sender_i/urllc_core_0/multi_clock/clk_wiz_100M/inst/clkfbout_buf_urllc_core_inst_1_clk_wiz_100M_0                                      |
+-----------+-------+-----------------+------------+-------------+-----------------+------+--------+------+-----+----+------+-----+---------+-----------------------------------------------------------------------------------------------------------------------------------------------+
* Clock Loads column represents the clock pin loads (pin count)
** Non-Clock Loads column represents the non-clock pin loads (pin count)
*** Columns FF, LUTRAM, RAMB through 'Hard IP' represents load cell counts


23. Clock Region Cell Placement per Global Clock: Region X1Y0
-------------------------------------------------------------

+-----------+-------+-----------------+------------+-------------+-----------------+------+--------+------+-----+----+------+-----+---------+----------------------------------------------------------------------------------------------------------------------------------------+
| Global Id | Track | Driver Type/Pin | Constraint | Clock Loads | Non-Clock Loads | FF   | LUTRAM | RAMB | DSP | GT | MMCM | PLL | Hard IP | Net                                                                                                                                    |
+-----------+-------+-----------------+------------+-------------+-----------------+------+--------+------+-----+----+------+-----+---------+----------------------------------------------------------------------------------------------------------------------------------------+
| g0        | n/a   | BUFGCTRL/O      | None       |        3959 |               0 | 3667 |    291 |    1 |   0 |  0 |    0 |   0 |       0 | design_sender_i/urllc_core_0/multi_clock/clk_wiz_static/inst/clk_out_8M                                                                |
| g2        | n/a   | BUFGCTRL/O      | None       |        1811 |               0 | 1729 |     56 |   26 |   0 |  0 |    0 |   0 |       0 | design_sender_i/urllc_core_0/multi_clock/clk_wiz_static/inst/clk_out_40M                                                               |
| g4        | n/a   | BUFG/O          | None       |         458 |               0 |  458 |      0 |    0 |   0 |  0 |    0 |   0 |       0 | dbg_hub/inst/BSCANID.u_xsdbm_id/itck_i                                                                                                 |
| g5        | n/a   | BUFGCTRL/O      | None       |         163 |               0 |  162 |      1 |    0 |   0 |  0 |    0 |   0 |       0 | design_sender_i/urllc_core_0/multi_clock/clk_wiz_dynamic/inst/CLK_CORE_DRP_I/clk_inst/clk_out_200M                                     |
| g7        | n/a   | BUFGCTRL/O      | None       |          44 |               0 |   43 |      1 |    0 |   0 |  0 |    0 |   0 |       0 | design_sender_i/urllc_core_0/multi_clock/clk_wiz_static/inst/clk_out_120M                                                              |
| g10       | n/a   | BUFG/O          | None       |           1 |               0 |    0 |      0 |    0 |   0 |  0 |    1 |   0 |       0 | design_sender_i/urllc_core_0/multi_clock/clk_wiz_dynamic/inst/CLK_CORE_DRP_I/clk_inst/clk_in1_urllc_core_inst_1_clk_wiz_dynamic_0      |
| g12       | n/a   | BUFG/O          | None       |           1 |               0 |    0 |      0 |    0 |   0 |  0 |    1 |   0 |       0 | design_sender_i/urllc_core_0/multi_clock/clk_wiz_dynamic/inst/CLK_CORE_DRP_I/clk_inst/clkfbout_buf_urllc_core_inst_1_clk_wiz_dynamic_0 |
| g13       | n/a   | BUFG/O          | None       |           1 |               0 |    0 |      0 |    0 |   0 |  0 |    0 |   1 |       0 | design_sender_i/urllc_core_0/multi_clock/clk_wiz_static/inst/clk_in1_urllc_core_inst_1_clk_wiz_static_0                                |
| g14       | n/a   | BUFG/O          | None       |           1 |               0 |    0 |      0 |    0 |   0 |  0 |    0 |   1 |       0 | design_sender_i/urllc_core_0/multi_clock/clk_wiz_static/inst/clkfbout_buf_urllc_core_inst_1_clk_wiz_static_0                           |
+-----------+-------+-----------------+------------+-------------+-----------------+------+--------+------+-----+----+------+-----+---------+----------------------------------------------------------------------------------------------------------------------------------------+
* Clock Loads column represents the clock pin loads (pin count)
** Non-Clock Loads column represents the non-clock pin loads (pin count)
*** Columns FF, LUTRAM, RAMB through 'Hard IP' represents load cell counts


24. Clock Region Cell Placement per Global Clock: Region X0Y1
-------------------------------------------------------------

+-----------+-------+-----------------+------------+-------------+-----------------+-----+--------+------+-----+----+------+-----+---------+--------------------------------------------------------------------------+
| Global Id | Track | Driver Type/Pin | Constraint | Clock Loads | Non-Clock Loads | FF  | LUTRAM | RAMB | DSP | GT | MMCM | PLL | Hard IP | Net                                                                      |
+-----------+-------+-----------------+------------+-------------+-----------------+-----+--------+------+-----+----+------+-----+---------+--------------------------------------------------------------------------+
| g0        | n/a   | BUFGCTRL/O      | None       |         399 |               0 | 365 |     34 |    0 |   0 |  0 |    0 |   0 |       0 | design_sender_i/urllc_core_0/multi_clock/clk_wiz_static/inst/clk_out_8M  |
| g2        | n/a   | BUFGCTRL/O      | None       |           1 |               0 |   0 |      0 |    1 |   0 |  0 |    0 |   0 |       0 | design_sender_i/urllc_core_0/multi_clock/clk_wiz_static/inst/clk_out_40M |
+-----------+-------+-----------------+------------+-------------+-----------------+-----+--------+------+-----+----+------+-----+---------+--------------------------------------------------------------------------+
* Clock Loads column represents the clock pin loads (pin count)
** Non-Clock Loads column represents the non-clock pin loads (pin count)
*** Columns FF, LUTRAM, RAMB through 'Hard IP' represents load cell counts


25. Clock Region Cell Placement per Global Clock: Region X1Y1
-------------------------------------------------------------

+-----------+-------+-----------------+------------+-------------+-----------------+-----+--------+------+-----+----+------+-----+---------+---------------------------------------------------------------------------+
| Global Id | Track | Driver Type/Pin | Constraint | Clock Loads | Non-Clock Loads | FF  | LUTRAM | RAMB | DSP | GT | MMCM | PLL | Hard IP | Net                                                                       |
+-----------+-------+-----------------+------------+-------------+-----------------+-----+--------+------+-----+----+------+-----+---------+---------------------------------------------------------------------------+
| g0        | n/a   | BUFGCTRL/O      | None       |         714 |               1 | 704 |     10 |    0 |   0 |  0 |    0 |   0 |       0 | design_sender_i/urllc_core_0/multi_clock/clk_wiz_static/inst/clk_out_8M   |
| g2        | n/a   | BUFGCTRL/O      | None       |          25 |               0 |  14 |      8 |    3 |   0 |  0 |    0 |   0 |       0 | design_sender_i/urllc_core_0/multi_clock/clk_wiz_static/inst/clk_out_40M  |
| g7        | n/a   | BUFGCTRL/O      | None       |           0 |               1 |   0 |      0 |    0 |   0 |  0 |    0 |   0 |       0 | design_sender_i/urllc_core_0/multi_clock/clk_wiz_static/inst/clk_out_120M |
+-----------+-------+-----------------+------------+-------------+-----------------+-----+--------+------+-----+----+------+-----+---------+---------------------------------------------------------------------------+
* Clock Loads column represents the clock pin loads (pin count)
** Non-Clock Loads column represents the non-clock pin loads (pin count)
*** Columns FF, LUTRAM, RAMB through 'Hard IP' represents load cell counts


26. Clock Region Cell Placement per Global Clock: Region X0Y2
-------------------------------------------------------------

+-----------+-------+-----------------+------------+-------------+-----------------+----+--------+------+-----+----+------+-----+---------+-------------------------------------------------------------------------+
| Global Id | Track | Driver Type/Pin | Constraint | Clock Loads | Non-Clock Loads | FF | LUTRAM | RAMB | DSP | GT | MMCM | PLL | Hard IP | Net                                                                     |
+-----------+-------+-----------------+------------+-------------+-----------------+----+--------+------+-----+----+------+-----+---------+-------------------------------------------------------------------------+
| g0        | n/a   | BUFGCTRL/O      | None       |           1 |               0 |  0 |      0 |    0 |   0 |  0 |    0 |   0 |       0 | design_sender_i/urllc_core_0/multi_clock/clk_wiz_static/inst/clk_out_8M |
+-----------+-------+-----------------+------------+-------------+-----------------+----+--------+------+-----+----+------+-----+---------+-------------------------------------------------------------------------+
* Clock Loads column represents the clock pin loads (pin count)
** Non-Clock Loads column represents the non-clock pin loads (pin count)
*** Columns FF, LUTRAM, RAMB through 'Hard IP' represents load cell counts



# Location of BUFG Primitives 
set_property LOC BUFGCTRL_X0Y7 [get_cells design_sender_i/urllc_core_0/multi_clock/clk_wiz_static/inst/clkf_buf]
set_property LOC BUFGCTRL_X0Y0 [get_cells design_sender_i/urllc_core_0/multi_clock/clk_wiz_static/inst/clkout1_buf]
set_property LOC BUFGCTRL_X0Y2 [get_cells design_sender_i/urllc_core_0/multi_clock/clk_wiz_static/inst/clkout2_buf]
set_property LOC BUFGCTRL_X0Y1 [get_cells design_sender_i/urllc_core_0/multi_clock/clk_wiz_static/inst/clkout3_buf]
set_property LOC BUFGCTRL_X0Y8 [get_cells design_sender_i/urllc_core_0/multi_clock/clk_wiz_static/inst/clkin1_bufg]
set_property LOC BUFGCTRL_X0Y6 [get_cells design_sender_i/urllc_core_0/multi_clock/clk_wiz_dynamic/inst/CLK_CORE_DRP_I/clk_inst/clkf_buf]
set_property LOC BUFGCTRL_X0Y4 [get_cells design_sender_i/urllc_core_0/multi_clock/clk_wiz_dynamic/inst/CLK_CORE_DRP_I/clk_inst/clkout1_buf]
set_property LOC BUFGCTRL_X0Y17 [get_cells design_sender_i/urllc_core_0/multi_clock/clk_wiz_dynamic/inst/CLK_CORE_DRP_I/clk_inst/clkin1_bufg]
set_property LOC BUFGCTRL_X0Y5 [get_cells design_sender_i/urllc_core_0/multi_clock/clk_wiz_100M/inst/clkf_buf]
set_property LOC BUFGCTRL_X0Y16 [get_cells design_sender_i/urllc_core_0/multi_clock/clk_wiz_100M/inst/clkin1_bufg]
set_property LOC BUFGCTRL_X0Y3 [get_cells dbg_hub/inst/BSCANID.u_xsdbm_id/SWITCH_N_EXT_BSCAN.u_bufg_icon_tck]

# Location of BUFH Primitives 
set_property LOC BUFHCE_X0Y1 [get_cells design_sender_i/urllc_core_0/multi_clock/clk_wiz_static/inst/clkout1_buf_en]
set_property LOC BUFHCE_X0Y2 [get_cells design_sender_i/urllc_core_0/multi_clock/clk_wiz_static/inst/clkout2_buf_en]
set_property LOC BUFHCE_X0Y3 [get_cells design_sender_i/urllc_core_0/multi_clock/clk_wiz_static/inst/clkout3_buf_en]
set_property LOC BUFHCE_X0Y0 [get_cells design_sender_i/urllc_core_0/multi_clock/clk_wiz_dynamic/inst/CLK_CORE_DRP_I/clk_inst/clkout1_buf_en]

# Location of IO Primitives which is load of clock spine
set_property LOC IOB_X1Y61 [get_cells sender_da_clk_120M_OBUF_inst]
set_property LOC IOB_X1Y67 [get_cells sender_ad_clk_8M_OBUF_inst]

# Location of clock ports
set_property LOC IOB_X1Y126 [get_ports clk_pl_50M]

# Clock net "design_sender_i/urllc_core_0/multi_clock/clk_wiz_static/inst/clk_out_8M_urllc_core_inst_1_clk_wiz_static_0_en_clk" driven by instance "design_sender_i/urllc_core_0/multi_clock/clk_wiz_static/inst/clkout1_buf_en" located at site "BUFHCE_X0Y1"
#startgroup
create_pblock {CLKAG_design_sender_i/urllc_core_0/multi_clock/clk_wiz_static/inst/clk_out_8M_urllc_core_inst_1_clk_wiz_static_0_en_clk}
add_cells_to_pblock [get_pblocks  {CLKAG_design_sender_i/urllc_core_0/multi_clock/clk_wiz_static/inst/clk_out_8M_urllc_core_inst_1_clk_wiz_static_0_en_clk}] [get_cells -filter { PRIMITIVE_GROUP != I/O && IS_PRIMITIVE==1 && PRIMITIVE_LEVEL !=INTERNAL } -of_object [get_pins -filter {DIRECTION==IN} -of_objects [get_nets -hierarchical -filter {PARENT=="design_sender_i/urllc_core_0/multi_clock/clk_wiz_static/inst/clk_out_8M_urllc_core_inst_1_clk_wiz_static_0_en_clk"}]]]
resize_pblock [get_pblocks {CLKAG_design_sender_i/urllc_core_0/multi_clock/clk_wiz_static/inst/clk_out_8M_urllc_core_inst_1_clk_wiz_static_0_en_clk}] -add {CLOCKREGION_X0Y0:CLOCKREGION_X0Y0}
#endgroup

# Clock net "design_sender_i/urllc_core_0/multi_clock/clk_wiz_static/inst/clk_out_8M" driven by instance "design_sender_i/urllc_core_0/multi_clock/clk_wiz_static/inst/clkout1_buf" located at site "BUFGCTRL_X0Y0"
#startgroup
create_pblock {CLKAG_design_sender_i/urllc_core_0/multi_clock/clk_wiz_static/inst/clk_out_8M}
add_cells_to_pblock [get_pblocks  {CLKAG_design_sender_i/urllc_core_0/multi_clock/clk_wiz_static/inst/clk_out_8M}] [get_cells -filter { PRIMITIVE_GROUP != I/O && IS_PRIMITIVE==1 && PRIMITIVE_LEVEL !=INTERNAL && NAME!=sender_ad_clk_8M_OBUF_inst} -of_object [get_pins -filter {DIRECTION==IN} -of_objects [get_nets -hierarchical -filter {PARENT=="design_sender_i/urllc_core_0/multi_clock/clk_wiz_static/inst/clk_out_8M"}]]]
resize_pblock [get_pblocks {CLKAG_design_sender_i/urllc_core_0/multi_clock/clk_wiz_static/inst/clk_out_8M}] -add {CLOCKREGION_X0Y0:CLOCKREGION_X0Y0 CLOCKREGION_X0Y1:CLOCKREGION_X0Y1 CLOCKREGION_X0Y2:CLOCKREGION_X0Y2 CLOCKREGION_X1Y0:CLOCKREGION_X1Y0 CLOCKREGION_X1Y1:CLOCKREGION_X1Y1}
#endgroup

# Clock net "design_sender_i/urllc_core_0/multi_clock/clk_wiz_static/inst/clk_out_40M_urllc_core_inst_1_clk_wiz_static_0_en_clk" driven by instance "design_sender_i/urllc_core_0/multi_clock/clk_wiz_static/inst/clkout2_buf_en" located at site "BUFHCE_X0Y2"
#startgroup
create_pblock {CLKAG_design_sender_i/urllc_core_0/multi_clock/clk_wiz_static/inst/clk_out_40M_urllc_core_inst_1_clk_wiz_static_0_en_clk}
add_cells_to_pblock [get_pblocks  {CLKAG_design_sender_i/urllc_core_0/multi_clock/clk_wiz_static/inst/clk_out_40M_urllc_core_inst_1_clk_wiz_static_0_en_clk}] [get_cells -filter { PRIMITIVE_GROUP != I/O && IS_PRIMITIVE==1 && PRIMITIVE_LEVEL !=INTERNAL } -of_object [get_pins -filter {DIRECTION==IN} -of_objects [get_nets -hierarchical -filter {PARENT=="design_sender_i/urllc_core_0/multi_clock/clk_wiz_static/inst/clk_out_40M_urllc_core_inst_1_clk_wiz_static_0_en_clk"}]]]
resize_pblock [get_pblocks {CLKAG_design_sender_i/urllc_core_0/multi_clock/clk_wiz_static/inst/clk_out_40M_urllc_core_inst_1_clk_wiz_static_0_en_clk}] -add {CLOCKREGION_X0Y0:CLOCKREGION_X0Y0}
#endgroup

# Clock net "design_sender_i/urllc_core_0/multi_clock/clk_wiz_static/inst/clk_out_40M" driven by instance "design_sender_i/urllc_core_0/multi_clock/clk_wiz_static/inst/clkout2_buf" located at site "BUFGCTRL_X0Y2"
#startgroup
create_pblock {CLKAG_design_sender_i/urllc_core_0/multi_clock/clk_wiz_static/inst/clk_out_40M}
add_cells_to_pblock [get_pblocks  {CLKAG_design_sender_i/urllc_core_0/multi_clock/clk_wiz_static/inst/clk_out_40M}] [get_cells -filter { PRIMITIVE_GROUP != I/O && IS_PRIMITIVE==1 && PRIMITIVE_LEVEL !=INTERNAL } -of_object [get_pins -filter {DIRECTION==IN} -of_objects [get_nets -hierarchical -filter {PARENT=="design_sender_i/urllc_core_0/multi_clock/clk_wiz_static/inst/clk_out_40M"}]]]
resize_pblock [get_pblocks {CLKAG_design_sender_i/urllc_core_0/multi_clock/clk_wiz_static/inst/clk_out_40M}] -add {CLOCKREGION_X0Y0:CLOCKREGION_X0Y0 CLOCKREGION_X0Y1:CLOCKREGION_X0Y1 CLOCKREGION_X1Y0:CLOCKREGION_X1Y0 CLOCKREGION_X1Y1:CLOCKREGION_X1Y1}
#endgroup

# Clock net "design_sender_i/urllc_core_0/multi_clock/clk_wiz_static/inst/clk_out_120M_urllc_core_inst_1_clk_wiz_static_0_en_clk" driven by instance "design_sender_i/urllc_core_0/multi_clock/clk_wiz_static/inst/clkout3_buf_en" located at site "BUFHCE_X0Y3"
#startgroup
create_pblock {CLKAG_design_sender_i/urllc_core_0/multi_clock/clk_wiz_static/inst/clk_out_120M_urllc_core_inst_1_clk_wiz_static_0_en_clk}
add_cells_to_pblock [get_pblocks  {CLKAG_design_sender_i/urllc_core_0/multi_clock/clk_wiz_static/inst/clk_out_120M_urllc_core_inst_1_clk_wiz_static_0_en_clk}] [get_cells -filter { PRIMITIVE_GROUP != I/O && IS_PRIMITIVE==1 && PRIMITIVE_LEVEL !=INTERNAL } -of_object [get_pins -filter {DIRECTION==IN} -of_objects [get_nets -hierarchical -filter {PARENT=="design_sender_i/urllc_core_0/multi_clock/clk_wiz_static/inst/clk_out_120M_urllc_core_inst_1_clk_wiz_static_0_en_clk"}]]]
resize_pblock [get_pblocks {CLKAG_design_sender_i/urllc_core_0/multi_clock/clk_wiz_static/inst/clk_out_120M_urllc_core_inst_1_clk_wiz_static_0_en_clk}] -add {CLOCKREGION_X0Y0:CLOCKREGION_X0Y0}
#endgroup

# Clock net "design_sender_i/urllc_core_0/multi_clock/clk_wiz_static/inst/clk_out_120M" driven by instance "design_sender_i/urllc_core_0/multi_clock/clk_wiz_static/inst/clkout3_buf" located at site "BUFGCTRL_X0Y1"
#startgroup
create_pblock {CLKAG_design_sender_i/urllc_core_0/multi_clock/clk_wiz_static/inst/clk_out_120M}
add_cells_to_pblock [get_pblocks  {CLKAG_design_sender_i/urllc_core_0/multi_clock/clk_wiz_static/inst/clk_out_120M}] [get_cells -filter { PRIMITIVE_GROUP != I/O && IS_PRIMITIVE==1 && PRIMITIVE_LEVEL !=INTERNAL && NAME!=sender_da_clk_120M_OBUF_inst} -of_object [get_pins -filter {DIRECTION==IN} -of_objects [get_nets -hierarchical -filter {PARENT=="design_sender_i/urllc_core_0/multi_clock/clk_wiz_static/inst/clk_out_120M"}]]]
resize_pblock [get_pblocks {CLKAG_design_sender_i/urllc_core_0/multi_clock/clk_wiz_static/inst/clk_out_120M}] -add {CLOCKREGION_X1Y0:CLOCKREGION_X1Y0}
#endgroup

# Clock net "design_sender_i/urllc_core_0/multi_clock/clk_wiz_dynamic/inst/CLK_CORE_DRP_I/clk_inst/clk_out_200M_urllc_core_inst_1_clk_wiz_dynamic_0_en_clk" driven by instance "design_sender_i/urllc_core_0/multi_clock/clk_wiz_dynamic/inst/CLK_CORE_DRP_I/clk_inst/clkout1_buf_en" located at site "BUFHCE_X0Y0"
#startgroup
create_pblock {CLKAG_design_sender_i/urllc_core_0/multi_clock/clk_wiz_dynamic/inst/CLK_CORE_DRP_I/clk_inst/clk_out_200M_urllc_core_inst_1_clk_wiz_dynamic_0_en_clk}
add_cells_to_pblock [get_pblocks  {CLKAG_design_sender_i/urllc_core_0/multi_clock/clk_wiz_dynamic/inst/CLK_CORE_DRP_I/clk_inst/clk_out_200M_urllc_core_inst_1_clk_wiz_dynamic_0_en_clk}] [get_cells -filter { PRIMITIVE_GROUP != I/O && IS_PRIMITIVE==1 && PRIMITIVE_LEVEL !=INTERNAL } -of_object [get_pins -filter {DIRECTION==IN} -of_objects [get_nets -hierarchical -filter {PARENT=="design_sender_i/urllc_core_0/multi_clock/clk_wiz_dynamic/inst/CLK_CORE_DRP_I/clk_inst/clk_out_200M_urllc_core_inst_1_clk_wiz_dynamic_0_en_clk"}]]]
resize_pblock [get_pblocks {CLKAG_design_sender_i/urllc_core_0/multi_clock/clk_wiz_dynamic/inst/CLK_CORE_DRP_I/clk_inst/clk_out_200M_urllc_core_inst_1_clk_wiz_dynamic_0_en_clk}] -add {CLOCKREGION_X0Y0:CLOCKREGION_X0Y0}
#endgroup

# Clock net "design_sender_i/urllc_core_0/multi_clock/clk_wiz_dynamic/inst/CLK_CORE_DRP_I/clk_inst/clk_out_200M" driven by instance "design_sender_i/urllc_core_0/multi_clock/clk_wiz_dynamic/inst/CLK_CORE_DRP_I/clk_inst/clkout1_buf" located at site "BUFGCTRL_X0Y4"
#startgroup
create_pblock {CLKAG_design_sender_i/urllc_core_0/multi_clock/clk_wiz_dynamic/inst/CLK_CORE_DRP_I/clk_inst/clk_out_200M}
add_cells_to_pblock [get_pblocks  {CLKAG_design_sender_i/urllc_core_0/multi_clock/clk_wiz_dynamic/inst/CLK_CORE_DRP_I/clk_inst/clk_out_200M}] [get_cells -filter { PRIMITIVE_GROUP != I/O && IS_PRIMITIVE==1 && PRIMITIVE_LEVEL !=INTERNAL } -of_object [get_pins -filter {DIRECTION==IN} -of_objects [get_nets -hierarchical -filter {PARENT=="design_sender_i/urllc_core_0/multi_clock/clk_wiz_dynamic/inst/CLK_CORE_DRP_I/clk_inst/clk_out_200M"}]]]
resize_pblock [get_pblocks {CLKAG_design_sender_i/urllc_core_0/multi_clock/clk_wiz_dynamic/inst/CLK_CORE_DRP_I/clk_inst/clk_out_200M}] -add {CLOCKREGION_X1Y0:CLOCKREGION_X1Y0}
#endgroup

# Clock net "dbg_hub/inst/BSCANID.u_xsdbm_id/itck_i" driven by instance "dbg_hub/inst/BSCANID.u_xsdbm_id/SWITCH_N_EXT_BSCAN.u_bufg_icon_tck" located at site "BUFGCTRL_X0Y3"
#startgroup
create_pblock {CLKAG_dbg_hub/inst/BSCANID.u_xsdbm_id/itck_i}
add_cells_to_pblock [get_pblocks  {CLKAG_dbg_hub/inst/BSCANID.u_xsdbm_id/itck_i}] [get_cells -filter { PRIMITIVE_GROUP != I/O && IS_PRIMITIVE==1 && PRIMITIVE_LEVEL !=INTERNAL } -of_object [get_pins -filter {DIRECTION==IN} -of_objects [get_nets -hierarchical -filter {PARENT=="dbg_hub/inst/BSCANID.u_xsdbm_id/itck_i"}]]]
resize_pblock [get_pblocks {CLKAG_dbg_hub/inst/BSCANID.u_xsdbm_id/itck_i}] -add {CLOCKREGION_X1Y0:CLOCKREGION_X1Y0}
#endgroup
